// Jest Snapshot v1, https://goo.gl/fbAQLP

exports[`All countries within a continent 1`] = `
<div>
  <h1>
    Africa
  </h1>
  <div
    className="countryList"
  >
    <div
      className="listItem"
    >
      <a
        href="/country/AO"
        onClick={[Function]}
        onMouseEnter={[Function]}
      >
        Angola
      </a>
    </div>
    <div
      className="listItem"
    >
      <a
        href="/country/BF"
        onClick={[Function]}
        onMouseEnter={[Function]}
      >
        Burkina Faso
      </a>
    </div>
    <div
      className="listItem"
    >
      <a
        href="/country/BI"
        onClick={[Function]}
        onMouseEnter={[Function]}
      >
        Burundi
      </a>
    </div>
    <div
      className="listItem"
    >
      <a
        href="/country/BJ"
        onClick={[Function]}
        onMouseEnter={[Function]}
      >
        Benin
      </a>
    </div>
    <div
      className="listItem"
    >
      <a
        href="/country/BW"
        onClick={[Function]}
        onMouseEnter={[Function]}
      >
        Botswana
      </a>
    </div>
    <div
      className="listItem"
    >
      <a
        href="/country/CD"
        onClick={[Function]}
        onMouseEnter={[Function]}
      >
        Democratic Republic of the Congo
      </a>
    </div>
    <div
      className="listItem"
    >
      <a
        href="/country/CF"
        onClick={[Function]}
        onMouseEnter={[Function]}
      >
        Central African Republic
      </a>
    </div>
    <div
      className="listItem"
    >
      <a
        href="/country/CG"
        onClick={[Function]}
        onMouseEnter={[Function]}
      >
        Republic of the Congo
      </a>
    </div>
    <div
      className="listItem"
    >
      <a
        href="/country/CI"
        onClick={[Function]}
        onMouseEnter={[Function]}
      >
        Ivory Coast
      </a>
    </div>
    <div
      className="listItem"
    >
      <a
        href="/country/CM"
        onClick={[Function]}
        onMouseEnter={[Function]}
      >
        Cameroon
      </a>
    </div>
    <div
      className="listItem"
    >
      <a
        href="/country/CV"
        onClick={[Function]}
        onMouseEnter={[Function]}
      >
        Cape Verde
      </a>
    </div>
    <div
      className="listItem"
    >
      <a
        href="/country/DJ"
        onClick={[Function]}
        onMouseEnter={[Function]}
      >
        Djibouti
      </a>
    </div>
    <div
      className="listItem"
    >
      <a
        href="/country/DZ"
        onClick={[Function]}
        onMouseEnter={[Function]}
      >
        Algeria
      </a>
    </div>
    <div
      className="listItem"
    >
      <a
        href="/country/EG"
        onClick={[Function]}
        onMouseEnter={[Function]}
      >
        Egypt
      </a>
    </div>
    <div
      className="listItem"
    >
      <a
        href="/country/EH"
        onClick={[Function]}
        onMouseEnter={[Function]}
      >
        Western Sahara
      </a>
    </div>
    <div
      className="listItem"
    >
      <a
        href="/country/ER"
        onClick={[Function]}
        onMouseEnter={[Function]}
      >
        Eritrea
      </a>
    </div>
    <div
      className="listItem"
    >
      <a
        href="/country/ET"
        onClick={[Function]}
        onMouseEnter={[Function]}
      >
        Ethiopia
      </a>
    </div>
    <div
      className="listItem"
    >
      <a
        href="/country/GA"
        onClick={[Function]}
        onMouseEnter={[Function]}
      >
        Gabon
      </a>
    </div>
    <div
      className="listItem"
    >
      <a
        href="/country/GH"
        onClick={[Function]}
        onMouseEnter={[Function]}
      >
        Ghana
      </a>
    </div>
    <div
      className="listItem"
    >
      <a
        href="/country/GM"
        onClick={[Function]}
        onMouseEnter={[Function]}
      >
        Gambia
      </a>
    </div>
    <div
      className="listItem"
    >
      <a
        href="/country/GN"
        onClick={[Function]}
        onMouseEnter={[Function]}
      >
        Guinea
      </a>
    </div>
    <div
      className="listItem"
    >
      <a
        href="/country/GQ"
        onClick={[Function]}
        onMouseEnter={[Function]}
      >
        Equatorial Guinea
      </a>
    </div>
    <div
      className="listItem"
    >
      <a
        href="/country/GW"
        onClick={[Function]}
        onMouseEnter={[Function]}
      >
        Guinea-Bissau
      </a>
    </div>
    <div
      className="listItem"
    >
      <a
        href="/country/KE"
        onClick={[Function]}
        onMouseEnter={[Function]}
      >
        Kenya
      </a>
    </div>
    <div
      className="listItem"
    >
      <a
        href="/country/KM"
        onClick={[Function]}
        onMouseEnter={[Function]}
      >
        Comoros
      </a>
    </div>
    <div
      className="listItem"
    >
      <a
        href="/country/LR"
        onClick={[Function]}
        onMouseEnter={[Function]}
      >
        Liberia
      </a>
    </div>
    <div
      className="listItem"
    >
      <a
        href="/country/LS"
        onClick={[Function]}
        onMouseEnter={[Function]}
      >
        Lesotho
      </a>
    </div>
    <div
      className="listItem"
    >
      <a
        href="/country/LY"
        onClick={[Function]}
        onMouseEnter={[Function]}
      >
        Libya
      </a>
    </div>
    <div
      className="listItem"
    >
      <a
        href="/country/MA"
        onClick={[Function]}
        onMouseEnter={[Function]}
      >
        Morocco
      </a>
    </div>
    <div
      className="listItem"
    >
      <a
        href="/country/MG"
        onClick={[Function]}
        onMouseEnter={[Function]}
      >
        Madagascar
      </a>
    </div>
    <div
      className="listItem"
    >
      <a
        href="/country/ML"
        onClick={[Function]}
        onMouseEnter={[Function]}
      >
        Mali
      </a>
    </div>
    <div
      className="listItem"
    >
      <a
        href="/country/MR"
        onClick={[Function]}
        onMouseEnter={[Function]}
      >
        Mauritania
      </a>
    </div>
    <div
      className="listItem"
    >
      <a
        href="/country/MU"
        onClick={[Function]}
        onMouseEnter={[Function]}
      >
        Mauritius
      </a>
    </div>
    <div
      className="listItem"
    >
      <a
        href="/country/MW"
        onClick={[Function]}
        onMouseEnter={[Function]}
      >
        Malawi
      </a>
    </div>
    <div
      className="listItem"
    >
      <a
        href="/country/MZ"
        onClick={[Function]}
        onMouseEnter={[Function]}
      >
        Mozambique
      </a>
    </div>
    <div
      className="listItem"
    >
      <a
        href="/country/NA"
        onClick={[Function]}
        onMouseEnter={[Function]}
      >
        Namibia
      </a>
    </div>
    <div
      className="listItem"
    >
      <a
        href="/country/NE"
        onClick={[Function]}
        onMouseEnter={[Function]}
      >
        Niger
      </a>
    </div>
    <div
      className="listItem"
    >
      <a
        href="/country/NG"
        onClick={[Function]}
        onMouseEnter={[Function]}
      >
        Nigeria
      </a>
    </div>
    <div
      className="listItem"
    >
      <a
        href="/country/RE"
        onClick={[Function]}
        onMouseEnter={[Function]}
      >
        Réunion
      </a>
    </div>
    <div
      className="listItem"
    >
      <a
        href="/country/RW"
        onClick={[Function]}
        onMouseEnter={[Function]}
      >
        Rwanda
      </a>
    </div>
    <div
      className="listItem"
    >
      <a
        href="/country/SC"
        onClick={[Function]}
        onMouseEnter={[Function]}
      >
        Seychelles
      </a>
    </div>
    <div
      className="listItem"
    >
      <a
        href="/country/SD"
        onClick={[Function]}
        onMouseEnter={[Function]}
      >
        Sudan
      </a>
    </div>
    <div
      className="listItem"
    >
      <a
        href="/country/SH"
        onClick={[Function]}
        onMouseEnter={[Function]}
      >
        Saint Helena
      </a>
    </div>
    <div
      className="listItem"
    >
      <a
        href="/country/SL"
        onClick={[Function]}
        onMouseEnter={[Function]}
      >
        Sierra Leone
      </a>
    </div>
    <div
      className="listItem"
    >
      <a
        href="/country/SN"
        onClick={[Function]}
        onMouseEnter={[Function]}
      >
        Senegal
      </a>
    </div>
    <div
      className="listItem"
    >
      <a
        href="/country/SO"
        onClick={[Function]}
        onMouseEnter={[Function]}
      >
        Somalia
      </a>
    </div>
    <div
      className="listItem"
    >
      <a
        href="/country/SS"
        onClick={[Function]}
        onMouseEnter={[Function]}
      >
        South Sudan
      </a>
    </div>
    <div
      className="listItem"
    >
      <a
        href="/country/ST"
        onClick={[Function]}
        onMouseEnter={[Function]}
      >
        São Tomé and Príncipe
      </a>
    </div>
    <div
      className="listItem"
    >
      <a
        href="/country/SZ"
        onClick={[Function]}
        onMouseEnter={[Function]}
      >
        Swaziland
      </a>
    </div>
    <div
      className="listItem"
    >
      <a
        href="/country/TD"
        onClick={[Function]}
        onMouseEnter={[Function]}
      >
        Chad
      </a>
    </div>
    <div
      className="listItem"
    >
      <a
        href="/country/TG"
        onClick={[Function]}
        onMouseEnter={[Function]}
      >
        Togo
      </a>
    </div>
    <div
      className="listItem"
    >
      <a
        href="/country/TN"
        onClick={[Function]}
        onMouseEnter={[Function]}
      >
        Tunisia
      </a>
    </div>
    <div
      className="listItem"
    >
      <a
        href="/country/TZ"
        onClick={[Function]}
        onMouseEnter={[Function]}
      >
        Tanzania
      </a>
    </div>
    <div
      className="listItem"
    >
      <a
        href="/country/UG"
        onClick={[Function]}
        onMouseEnter={[Function]}
      >
        Uganda
      </a>
    </div>
    <div
      className="listItem"
    >
      <a
        href="/country/YT"
        onClick={[Function]}
        onMouseEnter={[Function]}
      >
        Mayotte
      </a>
    </div>
    <div
      className="listItem"
    >
      <a
        href="/country/ZA"
        onClick={[Function]}
        onMouseEnter={[Function]}
      >
        South Africa
      </a>
    </div>
    <div
      className="listItem"
    >
      <a
        href="/country/ZM"
        onClick={[Function]}
        onMouseEnter={[Function]}
      >
        Zambia
      </a>
    </div>
    <div
      className="listItem"
    >
      <a
        href="/country/ZW"
        onClick={[Function]}
        onMouseEnter={[Function]}
      >
        Zimbabwe
      </a>
    </div>
  </div>
</div>
`;
